2026-09-10 20:49:55 | INFO     | Pipeline SIPSA — procesando 5 fecha(s)
2026-09-10 20:49:55 | INFO     | Histórico: 43,390 filas hasta 2026-09-08
2026-09-10 20:49:57 | INFO     | Extraídas 1,813 filas de 5 día(s)
2026-09-10 20:49:57 | INFO     | control 'esquema': OK
2026-09-10 20:49:57 | INFO     | control 'volumen': OK
2026-09-10 20:49:57 | INFO     | control 'vocabulario': OK
2026-09-10 20:49:57 | INFO     | control 'rango': OK
2026-09-10 20:49:57 | INFO     | control 'duplicados': OK
2026-09-10 20:49:59 | INFO     | Tabla limpia: 44,097 filas, 22 plazas, 86.0% confiables
2026-09-10 20:49:59 | INFO     | Métricas en reports/metricas.json
2026-09-10 20:49:59 | INFO     | Pipeline completado sin novedades
2026-09-10 23:57:39 | INFO     | Pipeline SIPSA — procesando 5 fecha(s)
2026-09-10 23:57:39 | INFO     | Histórico: 44,097 filas hasta 2026-09-10
2026-09-10 23:57:39 | INFO     | Extraídas 1,813 filas de 5 día(s)
2026-09-10 23:57:39 | INFO     | control 'esquema': OK
2026-09-10 23:57:40 | INFO     | control 'volumen': OK
2026-09-10 23:57:40 | INFO     | control 'vocabulario': OK
2026-09-10 23:57:40 | INFO     | control 'rango': OK
2026-09-10 23:57:40 | INFO     | control 'duplicados': OK
2026-09-10 23:57:40 | INFO     | Tabla limpia: 44,097 filas, 22 plazas, 86.0% confiables
2026-09-10 23:57:40 | INFO     | Métricas en reports/metricas.json
2026-09-10 23:57:40 | INFO     | Pipeline completado sin novedades
2026-09-12 00:04:13 | INFO     | Pipeline SIPSA — procesando 5 fecha(s)
2026-09-12 00:04:13 | INFO     | Histórico: 44,097 filas hasta 2026-09-10
2026-09-12 00:04:14 | INFO     | Extraídas 1,820 filas de 5 día(s)
2026-09-12 00:04:14 | INFO     | control 'esquema': OK
2026-09-12 00:04:14 | INFO     | control 'volumen': OK
2026-09-12 00:04:14 | INFO     | control 'vocabulario': OK
2026-09-12 00:04:14 | INFO     | control 'rango': OK
2026-09-12 00:04:14 | INFO     | control 'duplicados': OK
2026-09-12 00:04:15 | INFO     | Tabla limpia: 44,529 filas, 22 plazas, 85.9% confiables
2026-09-12 00:04:15 | INFO     | Métricas en reports/metricas.json
2026-09-12 00:04:15 | INFO     | Pipeline completado sin novedades
2026-09-15 00:26:54 | INFO     | Pipeline SIPSA — procesando 5 fecha(s)
2026-09-15 00:26:54 | INFO     | Histórico: 44,529 filas hasta 2026-09-11
2026-09-15 00:26:56 | WARNING  | 2026-09-15: sin publicación en día hábil no festivo
2026-09-15 00:26:56 | INFO     | Extraídas 1,515 filas de 4 día(s)
2026-09-15 00:26:56 | INFO     | control 'esquema': OK
2026-09-15 00:26:56 | INFO     | control 'volumen': OK
2026-09-15 00:26:56 | INFO     | control 'vocabulario': OK
2026-09-15 00:26:56 | INFO     | control 'rango': OK
2026-09-15 00:26:56 | INFO     | control 'duplicados': OK
2026-09-15 00:26:56 | INFO     | Tabla limpia: 44,905 filas, 22 plazas, 85.9% confiables
2026-09-15 00:26:56 | INFO     | Métricas en reports/metricas.json
2026-09-15 00:26:56 | INFO     | Pipeline completado sin novedades
2026-09-16 00:06:34 | INFO     | Pipeline SIPSA — procesando 5 fecha(s)
2026-09-16 00:06:34 | INFO     | Histórico: 44,905 filas hasta 2026-09-14
2026-09-16 00:06:36 | WARNING  | 2026-09-16: sin publicación en día hábil no festivo
2026-09-16 00:06:36 | INFO     | Extraídas 1,512 filas de 4 día(s)
2026-09-16 00:06:36 | INFO     | control 'esquema': OK
2026-09-16 00:06:36 | INFO     | control 'volumen': OK
2026-09-16 00:06:36 | INFO     | control 'vocabulario': OK
2026-09-16 00:06:36 | INFO     | control 'rango': OK
2026-09-16 00:06:36 | INFO     | control 'duplicados': OK
2026-09-16 00:06:37 | INFO     | Tabla limpia: 45,214 filas, 22 plazas, 85.9% confiables
2026-09-16 00:06:37 | INFO     | Métricas en reports/metricas.json
2026-09-16 00:06:37 | INFO     | Pipeline completado sin novedades
2026-09-17 00:17:23 | INFO     | Pipeline SIPSA — procesando 5 fecha(s)
2026-09-17 00:17:23 | INFO     | Histórico: 45,214 filas hasta 2026-09-15
2026-09-17 00:17:25 | WARNING  | 2026-09-17: sin publicación en día hábil no festivo
2026-09-17 00:17:25 | INFO     | Extraídas 1,430 filas de 4 día(s)
2026-09-17 00:17:25 | INFO     | control 'esquema': OK
2026-09-17 00:17:25 | INFO     | control 'volumen': OK
2026-09-17 00:17:25 | INFO     | control 'vocabulario': OK
2026-09-17 00:17:25 | INFO     | control 'rango': OK
2026-09-17 00:17:25 | INFO     | control 'duplicados': OK
2026-09-17 00:17:25 | INFO     | Tabla limpia: 45,527 filas, 22 plazas, 85.9% confiables
2026-09-17 00:17:25 | INFO     | Métricas en reports/metricas.json
2026-09-17 00:17:25 | INFO     | Pipeline completado sin novedades
2026-09-18 00:02:47 | INFO     | Pipeline SIPSA — procesando 5 fecha(s)
2026-09-18 00:02:47 | INFO     | Histórico: 45,527 filas hasta 2026-09-16
2026-09-18 00:02:49 | WARNING  | 2026-09-18: sin publicación en día hábil no festivo
2026-09-18 00:02:49 | INFO     | Extraídas 1,397 filas de 4 día(s)
2026-09-18 00:02:49 | INFO     | control 'esquema': OK
2026-09-18 00:02:49 | INFO     | control 'volumen': OK
2026-09-18 00:02:49 | INFO     | control 'vocabulario': OK
2026-09-18 00:02:49 | INFO     | control 'rango': OK
2026-09-18 00:02:49 | INFO     | control 'duplicados': OK
2026-09-18 00:02:50 | INFO     | Tabla limpia: 45,926 filas, 22 plazas, 85.8% confiables
2026-09-18 00:02:50 | INFO     | Métricas en reports/metricas.json
2026-09-18 00:02:50 | INFO     | Pipeline completado sin novedades
2026-09-19 00:06:24 | INFO     | Pipeline SIPSA — procesando 5 fecha(s)
2026-09-19 00:06:24 | INFO     | Histórico: 45,926 filas hasta 2026-09-17
2026-09-19 00:06:25 | INFO     | Extraídas 1,822 filas de 5 día(s)
2026-09-19 00:06:25 | INFO     | control 'esquema': OK
2026-09-19 00:06:25 | INFO     | control 'volumen': OK
2026-09-19 00:06:25 | INFO     | control 'vocabulario': OK
2026-09-19 00:06:25 | INFO     | control 'rango': OK
2026-09-19 00:06:25 | INFO     | control 'duplicados': OK
2026-09-19 00:06:26 | INFO     | Tabla limpia: 46,351 filas, 22 plazas, 85.8% confiables
2026-09-19 00:06:26 | INFO     | Métricas en reports/metricas.json
2026-09-19 00:06:26 | INFO     | Pipeline completado sin novedades
2026-09-22 00:42:02 | INFO     | Pipeline SIPSA — procesando 5 fecha(s)
2026-09-22 00:42:02 | INFO     | Histórico: 46,351 filas hasta 2026-09-18
2026-09-22 00:42:04 | WARNING  | 2026-09-22: sin publicación en día hábil no festivo
2026-09-22 00:42:04 | INFO     | Extraídas 1,514 filas de 4 día(s)
2026-09-22 00:42:04 | INFO     | control 'esquema': OK
2026-09-22 00:42:04 | INFO     | control 'volumen': OK
2026-09-22 00:42:04 | INFO     | control 'vocabulario': OK
2026-09-22 00:42:04 | INFO     | control 'rango': OK
2026-09-22 00:42:04 | INFO     | control 'duplicados': OK
2026-09-22 00:42:05 | INFO     | Tabla limpia: 46,728 filas, 22 plazas, 85.8% confiables
2026-09-22 00:42:05 | INFO     | Métricas en reports/metricas.json
2026-09-22 00:42:05 | INFO     | Pipeline completado sin novedades
2026-09-23 00:14:55 | INFO     | Pipeline SIPSA — procesando 5 fecha(s)
2026-09-23 00:14:55 | INFO     | Histórico: 46,728 filas hasta 2026-09-21
2026-09-23 00:14:57 | WARNING  | 2026-09-23: sin publicación en día hábil no festivo
2026-09-23 00:14:57 | INFO     | Extraídas 1,511 filas de 4 día(s)
2026-09-23 00:14:57 | INFO     | control 'esquema': OK
2026-09-23 00:14:57 | INFO     | control 'volumen': OK
2026-09-23 00:14:57 | INFO     | control 'vocabulario': OK
2026-09-23 00:14:57 | INFO     | control 'rango': OK
2026-09-23 00:14:57 | INFO     | control 'duplicados': OK
2026-09-23 00:14:58 | INFO     | Tabla limpia: 47,038 filas, 22 plazas, 85.8% confiables
2026-09-23 00:14:58 | INFO     | Métricas en reports/metricas.json
2026-09-23 00:14:58 | INFO     | Pipeline completado sin novedades
2026-09-24 00:22:19 | INFO     | Pipeline SIPSA — procesando 5 fecha(s)
2026-09-24 00:22:19 | INFO     | Histórico: 47,038 filas hasta 2026-09-22
2026-09-24 00:22:21 | WARNING  | 2026-09-24: sin publicación en día hábil no festivo
2026-09-24 00:22:21 | INFO     | Extraídas 1,416 filas de 4 día(s)
2026-09-24 00:22:21 | INFO     | control 'esquema': OK
2026-09-24 00:22:21 | INFO     | control 'volumen': OK
2026-09-24 00:22:21 | INFO     | control 'vocabulario': OK
2026-09-24 00:22:21 | INFO     | control 'rango': OK
2026-09-24 00:22:21 | INFO     | control 'duplicados': OK
2026-09-24 00:22:21 | INFO     | Tabla limpia: 47,342 filas, 22 plazas, 85.8% confiables
2026-09-24 00:22:21 | INFO     | Métricas en reports/metricas.json
2026-09-24 00:22:21 | INFO     | Pipeline completado sin novedades
2026-09-25 00:25:10 | INFO     | Pipeline SIPSA — procesando 5 fecha(s)
2026-09-25 00:25:11 | INFO     | Histórico: 47,342 filas hasta 2026-09-23
2026-09-25 00:25:12 | WARNING  | 2026-09-25: sin publicación en día hábil no festivo
2026-09-25 00:25:12 | INFO     | Extraídas 1,376 filas de 4 día(s)
2026-09-25 00:25:12 | INFO     | control 'esquema': OK
2026-09-25 00:25:12 | INFO     | control 'volumen': OK
2026-09-25 00:25:12 | INFO     | control 'vocabulario': OK
2026-09-25 00:25:12 | INFO     | control 'rango': OK
2026-09-25 00:25:12 | INFO     | control 'duplicados': OK
2026-09-25 00:25:13 | INFO     | Tabla limpia: 47,727 filas, 22 plazas, 85.7% confiables
2026-09-25 00:25:13 | INFO     | Métricas en reports/metricas.json
2026-09-25 00:25:13 | INFO     | Pipeline completado sin novedades
2026-09-26 00:29:42 | INFO     | Pipeline SIPSA — procesando 5 fecha(s)
2026-09-26 00:29:42 | INFO     | Histórico: 47,727 filas hasta 2026-09-24
2026-09-26 00:29:43 | INFO     | Extraídas 1,807 filas de 5 día(s)
2026-09-26 00:29:43 | INFO     | control 'esquema': OK
2026-09-26 00:29:43 | INFO     | control 'volumen': OK
2026-09-26 00:29:43 | INFO     | control 'vocabulario': OK
2026-09-26 00:29:43 | INFO     | control 'rango': OK
2026-09-26 00:29:43 | INFO     | control 'duplicados': OK
2026-09-26 00:29:44 | INFO     | Tabla limpia: 48,158 filas, 22 plazas, 85.8% confiables
2026-09-26 00:29:44 | INFO     | Métricas en reports/metricas.json
2026-09-26 00:29:44 | INFO     | Pipeline completado sin novedades
